Godot Engine v4.6.2.stable.mono.official.71f334935 - https://godotengine.org

PHASE13_VERIFY: stage=full
PHASE13_VERIFY: architecture OK (BINDING_TABLE=149, TYPE_VARIATIONS=61, exports=12)
PHASE13_VERIFY: role-variations-registered OK (9 new variations live)
PHASE13_VERIFY: role-variations-in-showcase OK (all 9 variation nodes present in showcase.tscn)
Godot_v4.6.2-stable_mono_win64_console.exe : ERROR: PHASE13_VERIFY FAIL: default-chrome-unchanged: style=Daybreak 
PanelContainer.panel bg_color has translucent alpha 0.960 GÇö Phase 12 baseline was opaque
At line:1 char:188
+ ... xe'; $out = & $godot --headless --quit --script '.planning/phases/13- ...
+                 ~~~~~~~~~~~~~~~~~~~~~~~~~~~~~~~~~~~~~~~~~~~~~~~~~~~~~~~~~
    + CategoryInfo          : NotSpecified: (ERROR: PHASE13_...line was opaque:String) [], RemoteException
    + FullyQualifiedErrorId : NativeCommandError
 
   at: push_error (core/variant/variant_utility.cpp:1024)
   GDScript backtrace (most recent call first):
       [0] _fail (res://.planning/phases/13-role-variations/helpers/_phase13_verify_headless.gd:268)
       [1] _stage_default_chrome_unchanged 
(res://.planning/phases/13-role-variations/helpers/_phase13_verify_headless.gd:210)
       [2] _run_stage (res://.planning/phases/13-role-variations/helpers/_phase13_verify_headless.gd:91)
       [3] _init (res://.planning/phases/13-role-variations/helpers/_phase13_verify_headless.gd:53)
PHASE13_VERIFY: FAIL GÇö 1 failure(s):
  - default-chrome-unchanged: style=Daybreak PanelContainer.panel bg_color has translucent alpha 0.960 GÇö Phase 12 baseline was opaque

