Godot Engine v4.6.2.stable.mono.official.71f334935 - https://godotengine.org

GODOT_VERSION: 4.6.2.stable.71f334935c000924d403448e698df4441130df18

## Tree
stylebox: button_hover, button_pressed, cursor, cursor_unfocused, custom_button, custom_button_hover, custom_button_pressed, focus, hovered, hovered_dimmed, hovered_selected, hovered_selected_focus, panel, selected, selected_focus, title_button_hover, title_button_normal, title_button_pressed
color: children_hl_line_color, custom_button_font_highlight, drop_position_color, font_color, font_disabled_color, font_hovered_color, font_hovered_dimmed_color, font_hovered_selected_color, font_outline_color, font_selected_color, guide_color, parent_hl_line_color, relationship_line_color, scroll_hint_color, title_button_color
constant: button_margin, check_h_separation, children_hl_line_width, dragging_unfold_wait_msec, draw_guides, draw_relationship_lines, h_separation, icon_h_separation, icon_max_width, inner_item_margin_bottom, inner_item_margin_left, inner_item_margin_right, inner_item_margin_top, item_margin, outline_size, parent_hl_line_margin, parent_hl_line_width, relationship_line_width, scroll_border, scroll_speed, scrollbar_h_separation, scrollbar_margin_bottom, scrollbar_margin_left, scrollbar_margin_right, scrollbar_margin_top, scrollbar_v_separation, v_separation
font: font, title_button_font
font_size: font_size, title_button_font_size
icon: arrow, arrow_collapsed, arrow_collapsed_mirrored, checked, checked_disabled, indeterminate, indeterminate_disabled, scroll_hint, select_arrow, unchecked, unchecked_disabled, updown
candidate_missing_stylebox: hover
candidate_missing_color: 
candidate_missing_constant: 
candidate_missing_font: 
candidate_missing_font_size: 
candidate_missing_icon: 
control_missing_stylebox: hover
control_missing_color: 
control_missing_constant: 
control_missing_font: 
control_missing_font_size: 
control_missing_icon: 

## ItemList
stylebox: cursor, cursor_unfocused, focus, hovered, hovered_selected, hovered_selected_focus, panel, selected, selected_focus
color: font_color, font_hovered_color, font_hovered_selected_color, font_outline_color, font_selected_color, guide_color, scroll_hint_color
constant: h_separation, icon_margin, line_separation, outline_size, v_separation
font: font
font_size: font_size
icon: scroll_hint
candidate_missing_stylebox: 
candidate_missing_color: 
candidate_missing_constant: 
candidate_missing_font: 
candidate_missing_font_size: 
candidate_missing_icon: 
control_missing_stylebox: 
control_missing_color: 
control_missing_constant: 
control_missing_font: 
control_missing_font_size: 
control_missing_icon: 

## TabBar
stylebox: button_highlight, button_pressed, tab_disabled, tab_focus, tab_hovered, tab_selected, tab_unselected
color: drop_mark_color, font_disabled_color, font_hovered_color, font_outline_color, font_selected_color, font_unselected_color, icon_disabled_color, icon_hovered_color, icon_selected_color, icon_unselected_color
constant: h_separation, hover_switch_wait_msec, icon_max_width, outline_size
font: font
font_size: font_size
icon: close, decrement, decrement_highlight, drop_mark, increment, increment_highlight
candidate_missing_stylebox: 
candidate_missing_color: 
candidate_missing_constant: tab_separation
candidate_missing_font: 
candidate_missing_font_size: 
candidate_missing_icon: 
control_missing_stylebox: 
control_missing_color: 
control_missing_constant: tab_separation
control_missing_font: 
control_missing_font_size: 
control_missing_icon: 

## TabContainer
stylebox: panel, tab_disabled, tab_focus, tab_hovered, tab_selected, tab_unselected, tabbar_background
color: drop_mark_color, font_disabled_color, font_hovered_color, font_outline_color, font_selected_color, font_unselected_color, icon_disabled_color, icon_hovered_color, icon_selected_color, icon_unselected_color
constant: icon_max_width, icon_separation, outline_size, side_margin
font: font
font_size: font_size
icon: decrement, decrement_highlight, drop_mark, increment, increment_highlight, menu, menu_highlight
candidate_missing_stylebox: 
candidate_missing_color: 
candidate_missing_constant: tab_separation
candidate_missing_font: 
candidate_missing_font_size: 
candidate_missing_icon: 
control_missing_stylebox: 
control_missing_color: 
control_missing_constant: tab_separation
control_missing_font: 
control_missing_font_size: 
control_missing_icon: 

## FoldableContainer
stylebox: focus, panel, title_collapsed_hover_panel, title_collapsed_panel, title_hover_panel, title_panel
color: collapsed_font_color, font_color, font_outline_color, hover_font_color
constant: h_separation, outline_size
font: font
font_size: font_size
icon: expanded_arrow, expanded_arrow_mirrored, folded_arrow, folded_arrow_mirrored
candidate_missing_stylebox: 
candidate_missing_color: 
candidate_missing_constant: 
candidate_missing_font: 
candidate_missing_font_size: 
candidate_missing_icon: 
control_missing_stylebox: 
control_missing_color: 
control_missing_constant: 
control_missing_font: 
control_missing_font_size: 
control_missing_icon: 

## ProgressBar
stylebox: background, fill
color: font_color, font_outline_color
constant: outline_size
font: font
font_size: font_size
icon: 
candidate_missing_stylebox: 
candidate_missing_color: 
candidate_missing_constant: 
candidate_missing_font: 
candidate_missing_font_size: 
control_missing_stylebox: 
control_missing_color: 
control_missing_constant: 
control_missing_font: 
control_missing_font_size: 

## HSlider
stylebox: grabber_area, grabber_area_highlight, slider
color: 
constant: center_grabber, grabber_offset, tick_offset
font: 
font_size: 
icon: grabber, grabber_disabled, grabber_highlight, tick
candidate_missing_stylebox: 
candidate_missing_constant: 
candidate_missing_icon: 
control_missing_stylebox: 
control_missing_constant: 
control_missing_icon: 

## VSlider
stylebox: grabber_area, grabber_area_highlight, slider
color: 
constant: center_grabber, grabber_offset, tick_offset
font: 
font_size: 
icon: grabber, grabber_disabled, grabber_highlight, tick
candidate_missing_stylebox: 
candidate_missing_constant: 
candidate_missing_icon: 
control_missing_stylebox: 
control_missing_constant: 
control_missing_icon: 

## Slider
stylebox: 
color: 
constant: 
font: 
font_size: 
icon: 

## HScrollBar
stylebox: grabber, grabber_highlight, grabber_pressed, scroll, scroll_focus
color: 
constant: 
font: 
font_size: 
icon: decrement, decrement_highlight, decrement_pressed, increment, increment_highlight, increment_pressed
candidate_missing_stylebox: 
candidate_missing_icon: 
control_missing_stylebox: 
control_missing_icon: 

## VScrollBar
stylebox: grabber, grabber_highlight, grabber_pressed, scroll, scroll_focus
color: 
constant: 
font: 
font_size: 
icon: decrement, decrement_highlight, decrement_pressed, increment, increment_highlight, increment_pressed
candidate_missing_stylebox: 
candidate_missing_icon: 
control_missing_stylebox: 
control_missing_icon: 

## ScrollBar
stylebox: 
color: 
constant: 
font: 
font_size: 
icon: 

## ScrollContainer
stylebox: focus, panel
color: scroll_hint_horizontal_color, scroll_hint_vertical_color
constant: 
font: 
font_size: 
icon: scroll_hint_horizontal, scroll_hint_vertical
candidate_missing_stylebox: 
candidate_missing_color: 
candidate_missing_constant: scrollbar_h_separation, scrollbar_v_separation
candidate_missing_icon: 
control_missing_stylebox: 
control_missing_color: 
control_missing_constant: scrollbar_h_separation, scrollbar_v_separation
control_missing_icon: 

## SplitContainer
stylebox: split_bar_background
color: touch_dragger_color, touch_dragger_hover_color, touch_dragger_pressed_color
constant: autohide, minimum_grab_thickness, separation
font: 
font_size: 
icon: h_grabber, h_touch_dragger, v_grabber, v_touch_dragger

## HSplitContainer
stylebox: split_bar_background
color: 
constant: autohide, minimum_grab_thickness, separation
font: 
font_size: 
icon: grabber, touch_dragger
candidate_missing_stylebox: 
candidate_missing_constant: 
candidate_missing_icon: 
control_missing_stylebox: 
control_missing_constant: 
control_missing_icon: 

## VSplitContainer
stylebox: split_bar_background
color: 
constant: autohide, minimum_grab_thickness, separation
font: 
font_size: 
icon: grabber, touch_dragger
candidate_missing_stylebox: 
candidate_missing_constant: 
candidate_missing_icon: 
control_missing_stylebox: 
control_missing_constant: 
control_missing_icon: 

## MarginContainer
stylebox: 
color: 
constant: margin_bottom, margin_left, margin_right, margin_top
font: 
font_size: 
icon: 
candidate_missing_constant: 
control_missing_constant: 

## HBoxContainer
stylebox: 
color: 
constant: separation
font: 
font_size: 
icon: 
candidate_missing_constant: 
control_missing_constant: 

## VBoxContainer
stylebox: 
color: 
constant: separation
font: 
font_size: 
icon: 
candidate_missing_constant: 
control_missing_constant: 

## FlowContainer
stylebox: 
color: 
constant: h_separation, v_separation
font: 
font_size: 
icon: 
candidate_missing_constant: 
control_missing_constant: 

## GridContainer
stylebox: 
color: 
constant: h_separation, v_separation
font: 
font_size: 
icon: 
candidate_missing_constant: 
control_missing_constant: 

## CenterContainer
stylebox: 
color: 
constant: 
font: 
font_size: 
icon: 

## Separator
stylebox: 
color: 
constant: 
font: 
font_size: 
icon: 

## HSeparator
stylebox: separator
color: 
constant: separation
font: 
font_size: 
icon: 
candidate_missing_stylebox: 
candidate_missing_constant: 
control_missing_stylebox: 
control_missing_constant: 

## VSeparator
stylebox: separator
color: 
constant: separation
font: 
font_size: 
icon: 
candidate_missing_stylebox: 
candidate_missing_constant: 
control_missing_stylebox: 
control_missing_constant: 
